======================================================================
  Campaign Harness Production Lock Verifier — V3
======================================================================
  repo_root:       /mnt/afs2/zhuhaowu/infinigen
  campaign_root:    /mnt/afs2/zhuhaowu/infinigen/experiments/mint/mint_drawer_v1
  task_spec:       /mnt/afs2/zhuhaowu/infinigen/experiments/mint/mint_drawer_v1/sovereign/experiment_specs/v11_g4_goc_v4_exact_latch_pull_wrench_keepout_trajectory_optimization_to_strict_replay.yaml
  write_lock:      experiments/mint/mint_drawer_v1/autopilot/agent_execution_harness_lock.json
  verify_origin:   False
  write_attestation:(none)
  require_origin:   True
  dry_run:         False

  Report written: experiments/mint/mint_drawer_v1/runtime/v11_g4_goc_v4_exact_latch_pull_wrench_keepout_trajectory_optimization_to_strict_replay_20260506T105445Z/stage_minus1_lock_refresh_report.json
  Lock written: experiments/mint/mint_drawer_v1/autopilot/agent_execution_harness_lock.json

======================================================================
  harness_status = production_ready
  generated_by = validate_harness_production_lock.py
  local_head = 06ae76be929f...
  layout = PASS
  hash_integrity = PASS
  origin = PASS
  preflight = PASS
  regressions = PASS
  status_surface = PASS
======================================================================
  HARNESS_PRODUCTION_READY
  The verifier has set harness_status=production_ready.
======================================================================
