======================================================================
  Campaign Harness Production Lock Verifier — V3
======================================================================
  repo_root:       /mnt/afs2/zhuhaowu/infinigen
  campaign_root:    /mnt/afs2/zhuhaowu/infinigen/experiments/mint/mint_drawer_v1
  task_spec:       /mnt/afs2/zhuhaowu/infinigen/experiments/mint/mint_drawer_v1/sovereign/experiment_specs/v11_g4_goc_v3_contact_report_smoke.yaml
  write_lock:      experiments/mint/mint_drawer_v1/autopilot/agent_execution_harness_lock.json
  verify_origin:   False
  write_attestation:(none)
  require_origin:   False
  dry_run:         False

  Report written: /mnt/afs2/zhuhaowu/infinigen/experiments/mint/mint_drawer_v1/runtime/v11_g4_goc_v3_contact_report_smoke_20260430T131642Z/lock_regen_report.json
  Lock written: experiments/mint/mint_drawer_v1/autopilot/agent_execution_harness_lock.json

======================================================================
  harness_status = production_ready
  generated_by = validate_harness_production_lock.py
  local_head = 277b3c89bf05...
  layout = PASS
  hash_integrity = PASS
  origin = SKIP
  preflight = PASS
  regressions = PASS
  status_surface = PASS
======================================================================
  HARNESS_PRODUCTION_READY
  The verifier has set harness_status=production_ready.
======================================================================
