[2026-04-30T12:56:26Z] run_dir=/mnt/afs2/zhuhaowu/infinigen/experiments/mint/mint_drawer_v1/runtime/v11_g4_task_rewrite_to_goc_v3_20260430T125626Z
pwd=/mnt/afs2/zhuhaowu/infinigen
branch=feature/mint-env-reformulation-v1-visual-fidelity
head=527be08a67b28436ae3ea146fc87a67bd077ebfa
my-origin	git@github.com:lqzhw520/infinigen.git (fetch)
my-origin	git@github.com:lqzhw520/infinigen.git (push)
origin	https://github.com/princeton-vl/infinigen.git (fetch)
origin	https://github.com/princeton-vl/infinigen.git (push)
--- status ---
 M .project-memory/STATUS.md
 M .session/checkpoint.md
 M experiments/mint/mint_drawer_v1/runtime/goc_v3_exact_id_rebuild_20260430T123652Z/closeout_decision.json
 M experiments/mint/mint_drawer_v1/runtime/goc_v3_exact_id_rebuild_20260430T123652Z/final_report.md
[2026-04-30T12:56:50Z] wrote execution contract
[2026-04-30T12:58:24Z] rewrote active task spec and validate_task_authority.py for GOC-v3 exact-ID authority
[2026-04-30T12:58:55Z] fixed validate_task_authority default campaign root
[2026-04-30T12:59:20Z] GOC-v3 validator fixture smoke passed
[2026-04-30T12:59:46Z] ruff fixed validate_task_authority.py
[2026-04-30T12:59:57Z] reran GOC-v3 validator fixture smoke after formatting
[2026-04-30T13:01:39Z] added verifier candidate-lock bootstrap for lock regeneration
[2026-04-30T13:02:45Z] START write production lock after code commit 0c1b7c3a7df6add3a5c2c077f9520f2031023bac
[2026-04-30T13:02:56Z] END write production lock exit=0
[2026-04-30T13:03:41Z] START post-push attestation after push eabfc37141dd3d11c05b3a126d25deff3b91f42d
[2026-04-30T13:03:57Z] END post-push attestation exit=0
[2026-04-30T13:04:19Z] START final lock regen referencing attestation 345b212081ff6a55908a31bb3f99a998e6dfe407
[2026-04-30T13:04:30Z] END final lock regen exit=0
[2026-04-30T13:05:41Z] wrote closeout_decision.json and final_report.md
