======================================================================
  Campaign Harness Production Lock Verifier — V3
======================================================================
  repo_root:       /mnt/afs2/zhuhaowu/infinigen
  campaign_root:    /mnt/afs2/zhuhaowu/infinigen/experiments/mint/mint_drawer_v1
  task_spec:       /mnt/afs2/zhuhaowu/infinigen/experiments/mint/mint_drawer_v1/sovereign/experiment_specs/v11_g4_phase1h_contact_test.yaml
  write_lock:      (none)
  verify_origin:   False
  write_attestation:(none)
  require_origin:   False
  dry_run:         True

  Report written: /mnt/afs2/zhuhaowu/infinigen/experiments/mint/mint_drawer_v1/runtime/v11_g4_task_rewrite_to_goc_v3_20260430T125626Z/pre_lock_regen_report.json

======================================================================
  harness_status = production_ready
  generated_by = validate_harness_production_lock.py
  local_head = 527be08a67b2...
  layout = PASS
  hash_integrity = PASS
  origin = SKIP
  preflight = PASS
  regressions = PASS
  status_surface = PASS
======================================================================
  HARNESS_PRODUCTION_READY
  The verifier has set harness_status=production_ready.
======================================================================
